Microchip MPLAB XC8 Compiler V2.41

Linker command line:

-W-3 \
  --edf=C:/Program Files/Microchip/MPLABX/v6.10/packs/Microchip/PIC16Fxxx_DFP/1.4.149/xc8\pic\dat\20230322214319_en.msgs \
  -cn -h+dist/default/debug\I2C_EEPROM_24C04.X.debug.sym \
  --cmf=dist/default/debug\I2C_EEPROM_24C04.X.debug.cmf -z -Q16F887 \
  -oC:\Users\DELL\AppData\Local\Temp\xcAsjmc.\driver_tmp_3.o \
  --defsym=__MPLAB_BUILD=1 --fixupoverflow=error \
  -Mdist/default/debug/I2C_EEPROM_24C04.X.debug.map \
  --md=C:\Users\DELL\AppData\Local\Temp\xcAsjmc.\driver_tmp_0.dat -E1 \
  -ver=XC8 Compiler --acfsm=1493 -ACODE=00h-07FFhx4 -ASTRCODE=00h-01FFFh \
  -ASTRING=00h-0FFhx32 -ACONST=00h-0FFhx32 -AENTRY=00h-0FFhx32 \
  -ACOMMON=070h-07Fh -ABANK0=020h-06Fh -ABANK1=0A0h-0EFh \
  -ABANK2=0110h-016Fh -ABANK3=0190h-01EFh \
  -ARAM=020h-06Fh,0A0h-0EFh,0110h-016Fh,0190h-01EFh \
  -AABS1=020h-07Fh,0A0h-0EFh,0110h-016Fh,0190h-01EFh -ASFR0=00h-01Fh \
  -ASFR1=080h-09Fh -ASFR2=0100h-010Fh -ASFR3=0180h-018Fh \
  -ACONFIG=02007h-02008h -DCONFIG=2 -AIDLOC=02000h-02003h -DIDLOC=2 \
  -AEEDATA=00h-0FFh/02100h -peeprom_data=EEDATA -DEEDATA=2 -DCODE=2 \
  -DSTRCODE=2 -DSTRING=2 -DCONST=2 -DENTRY=2 \
  -preset_vec=00h,intentry,init,end_init -ppowerup=CODE -pcinit=CODE \
  -pfunctab=ENTRY -k \
  C:\Users\DELL\AppData\Local\Temp\xcAsjmc.\driver_tmp_12.o \
  dist/default/debug\I2C_EEPROM_24C04.X.debug.o 

Object code version is 3.11

Machine type is 16F887



                Name                               Link     Load   Length Selector   Space Scale
C:\Users\DELL\AppData\Local\Temp\xcAsjmc.\driver_tmp_12.o
                end_init                              0        0        3        0       0
                config                             2007     2007        2        0       4
dist/default/debug\I2C_EEPROM_24C04.X.debug.o
                cinit                               7FC      7FC        4      FF8       0
                config                             2007     2007        2        0       4
                text8                               739      739       11      E72       0
                text7                               74A      74A       13      E94       0
                text6                               71D      71D        C      E3A       0
                text5                               75D      75D       15      EBA       0
                text4                               705      705        8      E0A       0
                text3                               70D      70D        8      E1A       0
                text2                               715      715        8      E2A       0
                text1                               729      729       10      E52       0
                maintext                            772      772       8A      EE4       0
                cstackCOMMON                         70       70        8       70       1

TOTAL           Name                               Link     Load   Length     Space
        CLASS   CODE           
                end_init                              0        0        3         0
                cinit                               7FC      7FC        4         0
                text8                               739      739       11         0
                text7                               74A      74A       13         0
                text6                               71D      71D        C         0
                text5                               75D      75D       15         0
                text4                               705      705        8         0
                text3                               70D      70D        8         0
                text2                               715      715        8         0
                text1                               729      729       10         0
                maintext                            772      772       8A         0

        CLASS   STRCODE        

        CLASS   STRING         

        CLASS   CONST          

        CLASS   ENTRY          

        CLASS   COMMON         
                cstackCOMMON                         70       70        8         1

        CLASS   BANK0          

        CLASS   BANK1          

        CLASS   BANK2          

        CLASS   BANK3          

        CLASS   RAM            

        CLASS   ABS1           
                abs_s1                               7E       7E        2         1

        CLASS   SFR0           

        CLASS   SFR1           

        CLASS   SFR2           

        CLASS   SFR3           

        CLASS   CONFIG         
                config                             2007     2007        2         4

        CLASS   IDLOC          

        CLASS   EEDATA         

        CLASS   STACK          



SEGMENTS        Name                           Load    Length   Top    Selector   Space  Class     Delta

                reset_vec                      000000  000003  000003         0       0  CODE        2
                cstackCOMMON                   000070  000008  000078        70       1  COMMON      1
                text4                          000705  000008  00070D       E0A       0  CODE        2
                text3                          00070D  000008  000715       E1A       0  CODE        2
                text2                          000715  000008  00071D       E2A       0  CODE        2
                text6                          00071D  00000C  000729       E3A       0  CODE        2
                text1                          000729  000010  000739       E52       0  CODE        2
                text8                          000739  000011  00074A       E72       0  CODE        2
                text7                          00074A  000013  00075D       E94       0  CODE        2
                text5                          00075D  000015  000772       EBA       0  CODE        2
                maintext                       000772  00008A  0007FC       EE4       0  CODE        2
                cinit                          0007FC  000004  000800       FF8       0  CODE        2


UNUSED ADDRESS RANGES

        Name                Unused          Largest block    Delta
        BANK0            0020-006F             50           1
        BANK1            00A0-00EF             50           1
        BANK2            0110-016F             60           1
        BANK3            0190-01EF             60           1
        CODE             0003-0704            702           2
                         0800-1FFF            800
        COMMON           0078-007D              6           1
        CONST            0003-0704            100           2
                         0800-1FFF            100
        EEDATA           2100-21FF            100           2
        ENTRY            0003-0704            100           2
                         0800-1FFF            100
        IDLOC            2000-2003              4           2
        RAM              0020-006F             50           1
                         00A0-00EF             50
                         0110-016F             60
                         0190-01EF             60
        SFR0             0000-001F             20           1
        SFR1             0080-009F             20           1
        SFR2             0100-010F             10           1
        SFR3             0180-018F             10           1
        STRCODE          0003-0704            702           2
                         0800-1FFF           1800
        STRING           0003-0704            100           2
                         0800-1FFF            100

                                  Symbol Table

_ACKDT                   (abs)        048D
_ACKEN                   (abs)        048C
_ACKSTAT                 (abs)        048E
_ANSEL                   (abs)        0188
_ANSELH                  (abs)        0189
_BF                      (abs)        04A0
_PEN                     (abs)        048A
_PORTC                   (abs)        0007
_PORTD                   (abs)        0008
_PORTE                   (abs)        0009
_RCEN                    (abs)        048B
_RE0                     (abs)        0048
_RE1                     (abs)        0049
_RSEN                    (abs)        0489
_SEN                     (abs)        0488
_SSPBUF                  (abs)        0013
_SSPCON                  (abs)        0014
_SSPCON2                 (abs)        0091
_SSPIF                   (abs)        0063
_SSPSTAT                 (abs)        0094
_TRISC                   (abs)        0087
_TRISD                   (abs)        0088
_TRISE                   (abs)        0089
__H__absolute__          __absolute__ 0000
__Habs1                  abs1         0000
__Hbank0                 bank0        0000
__Hbank1                 bank1        0000
__Hbank2                 bank2        0000
__Hbank3                 bank3        0000
__Hcinit                 cinit        0800
__Hclrtext               clrtext      0000
__Hcode                  code         0000
__Hcommon                common       0000
__Hconfig                config       2009
__HcstackCOMMON          cstackCOMMON 0000
__Heeprom_data           eeprom_data  0000
__Hend_init              end_init     0003
__Hfunctab               functab      0000
__Hinit                  init         0000
__Hintentry              intentry     0000
__Hmaintext              maintext     0000
__Hpowerup               powerup      0000
__Hram                   ram          0000
__Hreset_vec             reset_vec    0000
__Hsfr0                  sfr0         0000
__Hsfr1                  sfr1         0000
__Hsfr2                  sfr2         0000
__Hsfr3                  sfr3         0000
__Hspace_0               (abs)        0800
__Hspace_1               (abs)        0078
__Hspace_2               (abs)        0000
__Hspace_3               (abs)        0000
__Hspace_4               (abs)        4010
__Hstack                 stack        0000
__Hstrings               strings      0000
__Htext                  text         0000
__L__absolute__          __absolute__ 0000
__Labs1                  abs1         0000
__Lbank0                 bank0        0000
__Lbank1                 bank1        0000
__Lbank2                 bank2        0000
__Lbank3                 bank3        0000
__Lcinit                 cinit        07FC
__Lclrtext               clrtext      0000
__Lcode                  code         0000
__Lcommon                common       0000
__Lconfig                config       0000
__LcstackCOMMON          cstackCOMMON 0000
__Leeprom_data           eeprom_data  0000
__Lend_init              end_init     0000
__Lfunctab               functab      0000
__Linit                  init         0000
__Lintentry              intentry     0000
__Lmaintext              maintext     0000
__Lpowerup               powerup      0000
__Lram                   ram          0000
__Lreset_vec             reset_vec    0000
__Lsfr0                  sfr0         0000
__Lsfr1                  sfr1         0000
__Lsfr2                  sfr2         0000
__Lsfr3                  sfr3         0000
__Lspace_0               (abs)        0000
__Lspace_1               (abs)        0000
__Lspace_2               (abs)        0000
__Lspace_3               (abs)        0000
__Lspace_4               (abs)        0000
__Lstack                 stack        0000
__Lstrings               strings      0000
__Ltext                  text         0000
__S0                     (abs)        0800
__S1                     (abs)        0078
__S3                     (abs)        0000
___int_sp                stack        0000
___latbits               (abs)        0002
___sp                    stack        0000
___stackhi               (abs)        0000
___stacklo               (abs)        0000
__end_of__initialization cinit        07FC
__end_of_cmd             text7        075D
__end_of_i2c_ins         text6        0729
__end_of_i2c_read        text5        0772
__end_of_i2c_restart     text4        070D
__end_of_i2c_st          text3        0715
__end_of_i2c_stop        text2        071D
__end_of_i2c_write       text1        0739
__end_of_main            maintext     07FC
__end_of_puls            text8        074A
__initialization         cinit        07FC
__pcstackCOMMON          cstackCOMMON 0070
__pmaintext              maintext     0772
__ptext1                 text1        0729
__ptext2                 text2        0715
__ptext3                 text3        070D
__ptext4                 text4        0705
__ptext5                 text5        075D
__ptext6                 text6        071D
__ptext7                 text7        074A
__ptext8                 text8        0739
_cmd                     text7        074A
_i2c_ins                 text6        071D
_i2c_read                text5        075D
_i2c_restart             text4        0705
_i2c_st                  text3        070D
_i2c_stop                text2        0715
_i2c_write               text1        0729
_main                    maintext     0772
_puls                    text8        0739
btemp                    (abs)        007E
cmd@command              cstackCOMMON 0072
cmd@data                 cstackCOMMON 0071
end_of_initialization    cinit        07FC
i2c_read@data            cstackCOMMON 0072
i2c_write@data           cstackCOMMON 0070
intlevel0                functab      0000
intlevel1                functab      0000
intlevel2                functab      0000
intlevel3                functab      0000
intlevel4                functab      0000
intlevel5                functab      0000
main@data                cstackCOMMON 0076
reset_vec                reset_vec    0000
start                    init         0000
start_initialization     cinit        07FC
wtemp0                   (abs)        007E


MODULE INFORMATION

Module		Function		Class		Link	Load	Size
newmain.c
		_i2c_restart   		CODE           	0705	0000	8
		_main          		CODE           	0772	0000	138
		_puls          		CODE           	0739	0000	17
		_i2c_st        		CODE           	070D	0000	8
		_i2c_write     		CODE           	0729	0000	16
		_i2c_ins       		CODE           	071D	0000	12
		_i2c_stop      		CODE           	0715	0000	8
		_cmd           		CODE           	074A	0000	19
		_i2c_read      		CODE           	075D	0000	21

newmain.c estimated size: 247

shared
		__initialization		CODE           	07FC	0000	1

shared estimated size: 1

